Welcome to Qwirkle!
-------------------

Menu
----
1. New Game
2. Load Game
3. Credits (Show student information)
4. Quit

> 
----------------------------------
Name: Martin Krisnanto Putra
Student ID: 3608646
Email: s3608646@student.rmit.edu.au

Name: Riley James Gozzard
Student ID: 3811315
Email: s3811315@student.rmit.edu.au

Name: Ryan Iem
Student ID: 3700995
Email: s3700995@student.rmit.edu.au

Name: Thomas Joseph Dib
Student ID: 3838765
Email: s3838765@student.rmit.edu.au

----------------------------------
Menu
----
1. New Game
2. Load Game
3. Credits (Show student information)
4. Quit

> 

Goodbye
